Turbo Assembler	 Version 5.0	    03-23-23 09:20:01	    Page 1
rad0775B.ASM



      1	0000			     CODE    SEGMENT	      ;在内存指定单元建立十进制数
      2						 ASSUME	CS:CODE
      3						 ORG 2000H	     ;程序起始地址
      4	2000  BF 1000		     START:  MOV DI,1000H     ;设数据区首址
      5	2003  B9 0010			     MOV CX,0010H    ;字节数→ CX
      6	2006  B8 000F			     MOV AX,000FH    ;000F → AX
      7	2009  27			       DAA		     ;十进制调整，变为00 00 00 15
      8	200A  88 05		     CNT:    MOV [DI],AL     ;（AL）→ [DI]
      9	200C  47			     INC DI	     ;修改地址指针
     10	200D  2C 01			     SUB AL,01	     ;修改数据，AL-1
     11	200F  2F			     DAS	     ;十进制调整，减法调整DAS
     12	2010  E2 F8			     LOOP CNT	     ;未填完，继续
     13	2012  EB FE			     JMP $	     ;填完，结束
     14	2014			     CODE    ENDS
     15					     END  START
Turbo Assembler	 Version 5.0	    03-23-23 09:20:01	    Page 2
Symbol Table




Symbol Name			  Type	 Value

??DATE				  Text	 "03-23-23"
??FILENAME			  Text	 "rad0775B"
??TIME				  Text	 "09:20:00"
??VERSION			  Number 0500
@CPU				  Text	 0101H
@CURSEG				  Text	 CODE
@FILENAME			  Text	 RAD0775B
@WORDSIZE			  Text	 2
CNT				  Near16 CODE:200A
START				  Near16 CODE:2000

Groups & Segments		  Bit Size Align  Combine Class

CODE				  16  2014 Para	  none
